PS C:\Users\mario\OneDrive\Десктоп\SI_2023_lab1_131145> git -init
unknown option: -init
usage: git [-v | --version] [-h | --help] [-C <path>] [-c <name>=<value>]
           [--exec-path[=<path>]] [--html-path] [--man-path] [--info-path]
           [-p | --paginate | -P | --no-pager] [--no-replace-objects] [--bare]
           [--git-dir=<path>] [--work-tree=<path>] [--namespace=<name>]
           [--config-env=<name>=<envvar>] <command> [<args>]
PS C:\Users\mario\OneDrive\Десктоп\SI_2023_lab1_131145> git init
Initialized empty Git repository in C:/Users/mario/OneDrive/Десктоп/SI_2023_lab1_131145/.git/
PS C:\Users\mario\OneDrive\Десктоп\SI_2023_lab1_131145> git remote add origin https://github.com/mariohadjipetrusev/SI_2023_lab1_131145.git
PS C:\Users\mario\OneDrive\Десктоп\SI_2023_lab1_131145> git remote -v
origin  https://github.com/mariohadjipetrusev/SI_2023_lab1_131145.git (fetch)
origin  https://github.com/mariohadjipetrusev/SI_2023_lab1_131145.git (push)
PS C:\Users\mario\OneDrive\Десктоп\SI_2023_lab1_131145> git add README.txt
fatal: pathspec 'README.txt' did not match any files
PS C:\Users\mario\OneDrive\Десктоп\SI_2023_lab1_131145> git status
On branch master

No commits yet

Untracked files:
  (use "git add <file>..." to include in what will be committed)
        README.md.txt
        README.txt

nothing added to commit but untracked files present (use "git add" to track)
PS C:\Users\mario\OneDrive\Десктоп\SI_2023_lab1_131145> git status
On branch master

No commits yet

Untracked files:
  (use "git add <file>..." to include in what will be committed)
        README.md
        README.txt

nothing added to commit but untracked files present (use "git add" to track)
PS C:\Users\mario\OneDrive\Десктоп\SI_2023_lab1_131145> git status
On branch master

No commits yet

Untracked files:
  (use "git add <file>..." to include in what will be committed)
        README.md

nothing added to commit but untracked files present (use "git add" to track)
PS C:\Users\mario\OneDrive\Десктоп\SI_2023_lab1_131145> git add README.md
PS C:\Users\mario\OneDrive\Десктоп\SI_2023_lab1_131145> git commit -m "Initial commit"
Author identity unknown

*** Please tell me who you are.

Run

  git config --global user.email "you@example.com"
  git config --global user.name "Your Name"

to set your account's default identity.
Omit --global to set the identity only in this repository.

fatal: unable to auto-detect email address (got 'mario@MX-PC.(none)')
PS C:\Users\mario\OneDrive\Десктоп\SI_2023_lab1_131145> git config --global user.email "marioxhp@gmail.com"
PS C:\Users\mario\OneDrive\Десктоп\SI_2023_lab1_131145>  git config --global user.name "Mario Hadji Petrusev"
PS C:\Users\mario\OneDrive\Десктоп\SI_2023_lab1_131145> git commit -m "Initial commit"
[master (root-commit) 58579b6] Initial commit
 1 file changed, 1 insertion(+)
 create mode 100644 README.md
PS C:\Users\mario\OneDrive\Десктоп\SI_2023_lab1_131145> git add SILab1.java
PS C:\Users\mario\OneDrive\Десктоп\SI_2023_lab1_131145> git commit -m "Add java class"
[master e17c1c8] Add java class
 1 file changed, 41 insertions(+)
 create mode 100644 SILab1.java
PS C:\Users\mario\OneDrive\Десктоп\SI_2023_lab1_131145> git push -u origin master
info: please complete authentication in your browser...
Enumerating objects: 6, done.
Counting objects: 100% (6/6), done.
Delta compression using up to 24 threads
Compressing objects: 100% (4/4), done.
Writing objects: 100% (6/6), 866 bytes | 866.00 KiB/s, done.
Total 6 (delta 0), reused 0 (delta 0), pack-reused 0
To https://github.com/mariohadjipetrusev/SI_2023_lab1_131145.git
 * [new branch]      master -> master
branch 'master' set up to track 'origin/master'.
PS C:\Users\mario\OneDrive\Десктоп\SI_2023_lab1_131145> git status
On branch master
Your branch is up to date with 'origin/master'.

nothing to commit, working tree clean
PS C:\Users\mario\OneDrive\Десктоп\SI_2023_lab1_131145> git branch
* master
PS C:\Users\mario\OneDrive\Десктоп\SI_2023_lab1_131145> git branch bug1
PS C:\Users\mario\OneDrive\Десктоп\SI_2023_lab1_131145> git branch bug2
PS C:\Users\mario\OneDrive\Десктоп\SI_2023_lab1_131145> git branch bug3
PS C:\Users\mario\OneDrive\Десктоп\SI_2023_lab1_131145> git branch
  bug1
  bug2
  bug3
* master
PS C:\Users\mario\OneDrive\Десктоп\SI_2023_lab1_131145> git checkout bug1
Switched to branch 'bug1'
PS C:\Users\mario\OneDrive\Десктоп\SI_2023_lab1_131145> git status
On branch bug1
Changes not staged for commit:
  (use "git add <file>..." to update what will be committed)
  (use "git restore <file>..." to discard changes in working directory)
        modified:   SILab1.java

no changes added to commit (use "git add" and/or "git commit -a")
PS C:\Users\mario\OneDrive\Десктоп\SI_2023_lab1_131145> git add SILab1.java
PS C:\Users\mario\OneDrive\Десктоп\SI_2023_lab1_131145> git status
On branch bug1
Changes to be committed:
  (use "git restore --staged <file>..." to unstage)
        modified:   SILab1.java

PS C:\Users\mario\OneDrive\Десктоп\SI_2023_lab1_131145> git commit -m "Fix wrong loop for reading"
[bug1 3a810d2] Fix wrong loop for reading
 1 file changed, 1 insertion(+), 1 deletion(-)
PS C:\Users\mario\OneDrive\Десктоп\SI_2023_lab1_131145> git checkout bug2
Switched to branch 'bug2'
PS C:\Users\mario\OneDrive\Десктоп\SI_2023_lab1_131145> git checkout bug1
Switched to branch 'bug1'
PS C:\Users\mario\OneDrive\Десктоп\SI_2023_lab1_131145> git checkout bug2
Switched to branch 'bug2'
PS C:\Users\mario\OneDrive\Десктоп\SI_2023_lab1_131145> git add SILab1.java
PS C:\Users\mario\OneDrive\Десктоп\SI_2023_lab1_131145> git commit -m "Fix wrong condition in filterOddNumbers"
[bug2 186c99f] Fix wrong condition in filterOddNumbers
 1 file changed, 1 insertion(+), 1 deletion(-)
PS C:\Users\mario\OneDrive\Десктоп\SI_2023_lab1_131145> git checkout bug3
Switched to branch 'bug3'
PS C:\Users\mario\OneDrive\Десктоп\SI_2023_lab1_131145> git add SILab1.java
PS C:\Users\mario\OneDrive\Десктоп\SI_2023_lab1_131145> git commit -m "Fix method sumEvenNumbers"
[bug3 f2a7ed6] Fix method sumEvenNumbers
 1 file changed, 3 insertions(+), 3 deletions(-)
PS C:\Users\mario\OneDrive\Десктоп\SI_2023_lab1_131145>  git push -u origin bug1
Enumerating objects: 5, done.
Counting objects: 100% (5/5), done.
Delta compression using up to 24 threads
Compressing objects: 100% (3/3), done.
Writing objects: 100% (3/3), 329 bytes | 329.00 KiB/s, done.
Total 3 (delta 1), reused 0 (delta 0), pack-reused 0
remote: Resolving deltas: 100% (1/1), completed with 1 local object.
remote:
remote: Create a pull request for 'bug1' on GitHub by visiting:
remote:      https://github.com/mariohadjipetrusev/SI_2023_lab1_131145/pull/new/bug1
remote:
To https://github.com/mariohadjipetrusev/SI_2023_lab1_131145.git
 * [new branch]      bug1 -> bug1
branch 'bug1' set up to track 'origin/bug1'.
PS C:\Users\mario\OneDrive\Десктоп\SI_2023_lab1_131145>  git push -u origin bug2
Enumerating objects: 5, done.
Counting objects: 100% (5/5), done.
Delta compression using up to 24 threads
Compressing objects: 100% (3/3), done.
Writing objects: 100% (3/3), 342 bytes | 342.00 KiB/s, done.
Total 3 (delta 1), reused 0 (delta 0), pack-reused 0
remote: Resolving deltas: 100% (1/1), completed with 1 local object.
remote:
remote: Create a pull request for 'bug2' on GitHub by visiting:
remote:      https://github.com/mariohadjipetrusev/SI_2023_lab1_131145/pull/new/bug2
remote:
To https://github.com/mariohadjipetrusev/SI_2023_lab1_131145.git
 * [new branch]      bug2 -> bug2
branch 'bug2' set up to track 'origin/bug2'.
PS C:\Users\mario\OneDrive\Десктоп\SI_2023_lab1_131145>  git push -u origin bug3
Enumerating objects: 5, done.
Counting objects: 100% (5/5), done.
Delta compression using up to 24 threads
Compressing objects: 100% (3/3), done.
Writing objects: 100% (3/3), 351 bytes | 351.00 KiB/s, done.
Total 3 (delta 1), reused 0 (delta 0), pack-reused 0
remote: Resolving deltas: 100% (1/1), completed with 1 local object.
remote:
remote: Create a pull request for 'bug3' on GitHub by visiting:
remote:      https://github.com/mariohadjipetrusev/SI_2023_lab1_131145/pull/new/bug3
remote:
To https://github.com/mariohadjipetrusev/SI_2023_lab1_131145.git
 * [new branch]      bug3 -> bug3
branch 'bug3' set up to track 'origin/bug3'.
PS C:\Users\mario\OneDrive\Десктоп\SI_2023_lab1_131145> git branch
  bug1
  bug2
* bug3
  master
PS C:\Users\mario\OneDrive\Десктоп\SI_2023_lab1_131145> git checkout master
Switched to branch 'master'
Your branch is up to date with 'origin/master'.
PS C:\Users\mario\OneDrive\Десктоп\SI_2023_lab1_131145> git status
On branch master
Your branch is up to date with 'origin/master'.

nothing to commit, working tree clean
PS C:\Users\mario\OneDrive\Десктоп\SI_2023_lab1_131145> git merge bug1
Updating e17c1c8..3a810d2
Fast-forward
 SILab1.java | 2 +-
 1 file changed, 1 insertion(+), 1 deletion(-)
PS C:\Users\mario\OneDrive\Десктоп\SI_2023_lab1_131145> git status
On branch master
Your branch is ahead of 'origin/master' by 1 commit.
  (use "git push" to publish your local commits)

nothing to commit, working tree clean
PS C:\Users\mario\OneDrive\Десктоп\SI_2023_lab1_131145> git push
Total 0 (delta 0), reused 0 (delta 0), pack-reused 0
To https://github.com/mariohadjipetrusev/SI_2023_lab1_131145.git
   e17c1c8..3a810d2  master -> master
PS C:\Users\mario\OneDrive\Десктоп\SI_2023_lab1_131145> git status
On branch master
Your branch is up to date with 'origin/master'.

nothing to commit, working tree clean
PS C:\Users\mario\OneDrive\Десктоп\SI_2023_lab1_131145> git merge bug2
Auto-merging SILab1.java
Merge made by the 'ort' strategy.
 SILab1.java | 2 +-
 1 file changed, 1 insertion(+), 1 deletion(-)
PS C:\Users\mario\OneDrive\Десктоп\SI_2023_lab1_131145> git push
Enumerating objects: 7, done.
Counting objects: 100% (7/7), done.
Delta compression using up to 24 threads
Compressing objects: 100% (3/3), done.
Writing objects: 100% (3/3), 356 bytes | 356.00 KiB/s, done.
Total 3 (delta 1), reused 0 (delta 0), pack-reused 0
remote: Resolving deltas: 100% (1/1), completed with 1 local object.
To https://github.com/mariohadjipetrusev/SI_2023_lab1_131145.git
   3a810d2..1994402  master -> master
PS C:\Users\mario\OneDrive\Десктоп\SI_2023_lab1_131145> git merge bug3
Auto-merging SILab1.java
Merge made by the 'ort' strategy.
 SILab1.java | 4 ++--
 1 file changed, 2 insertions(+), 2 deletions(-)
PS C:\Users\mario\OneDrive\Десктоп\SI_2023_lab1_131145> git push
Enumerating objects: 7, done.
Counting objects: 100% (7/7), done.
Delta compression using up to 24 threads
Compressing objects: 100% (3/3), done.
Writing objects: 100% (3/3), 367 bytes | 367.00 KiB/s, done.
Total 3 (delta 1), reused 0 (delta 0), pack-reused 0
remote: Resolving deltas: 100% (1/1), completed with 1 local object.
To https://github.com/mariohadjipetrusev/SI_2023_lab1_131145.git
   1994402..64b7558  master -> master
PS C:\Users\mario\OneDrive\Десктоп\SI_2023_lab1_131145> git branch -d bug3
Deleted branch bug3 (was f2a7ed6).
PS C:\Users\mario\OneDrive\Десктоп\SI_2023_lab1_131145> checkout bug3
checkout : The term 'checkout' is not recognized as the name of a cmdlet, function, script file, or
operable program. Check the spelling of the name, or if a path was included, verify that the path is
correct and try again.
At line:1 char:1
+ checkout bug3
+ ~~~~~~~~
    + CategoryInfo          : ObjectNotFound: (checkout:String) [], CommandNotFoundException
    + FullyQualifiedErrorId : CommandNotFoundException

PS C:\Users\mario\OneDrive\Десктоп\SI_2023_lab1_131145> git checkout bug3
Switched to a new branch 'bug3'
branch 'bug3' set up to track 'origin/bug3'.
PS C:\Users\mario\OneDrive\Десктоп\SI_2023_lab1_131145> git status
On branch bug3
Your branch is up to date with 'origin/bug3'.

nothing to commit, working tree clean
PS C:\Users\mario\OneDrive\Десктоп\SI_2023_lab1_131145> git rebase master
Successfully rebased and updated refs/heads/bug3.
PS C:\Users\mario\OneDrive\Десктоп\SI_2023_lab1_131145> git checkout master
Switched to branch 'master'
Your branch is up to date with 'origin/master'.
PS C:\Users\mario\OneDrive\Десктоп\SI_2023_lab1_131145> git branch bug3
fatal: a branch named 'bug3' already exists
PS C:\Users\mario\OneDrive\Десктоп\SI_2023_lab1_131145>